// Jest Snapshot v1, https://goo.gl/fbAQLP

exports[`ProductList Snapshot Test renders correctly and matches snapshot 1`] = `
<DocumentFragment>
  <p>
    Loading products...
  </p>
</DocumentFragment>
`;
