// Jest Snapshot v1, https://goo.gl/fbAQLP

exports[`FilterShowing Component matches snapshot 1`] = `
<DocumentFragment>
  <section
    style="width: 100%; height: auto; background: rgb(249, 241, 231); padding: 22px 100px; margin-top: -10px; display: flex; justify-content: space-between; align-items: center;"
  >
    <div
      style="display: flex; justify-content: space-between; width: 350px; height: 37px; align-items: center;"
    >
      <img
        alt="filterIcon"
        data-nimg="1"
        decoding="async"
        height="40"
        loading="lazy"
        src="/_next/image?url=%2Fimg.jpg&w=96&q=75"
        srcset="/_next/image?url=%2Fimg.jpg&w=48&q=75 1x, /_next/image?url=%2Fimg.jpg&w=96&q=75 2x"
        style="color: transparent; width: 75px; height: 28px; cursor: not-allowed;"
        width="40"
      />
      <img
        alt="line"
        data-nimg="1"
        decoding="async"
        height="40"
        loading="lazy"
        src="/_next/image?url=%2Fimg.jpg&w=96&q=75"
        srcset="/_next/image?url=%2Fimg.jpg&w=48&q=75 1x, /_next/image?url=%2Fimg.jpg&w=96&q=75 2x"
        style="color: transparent;"
        width="40"
      />
      <p
        style="font-size: 16px; font-weight: 400;"
      >
        Showing 1â€“16 of 32 results
      </p>
    </div>
    <div
      style="font-size: 20px; font-weight: 400; display: flex; justify-content: space-between; width: 450px;"
    >
      <div
        style="display: flex; align-items: center;"
      >
        <p
          style="margin-right: 17px;"
        >
          Show
        </p>
        <p
          style="background: rgb(255, 255, 255); padding: 12px 17px; color: rgb(159, 159, 159);"
        >
          16
        </p>
      </div>
      <div
        style="display: flex; align-items: center;"
      >
        <p
          style="margin-right: 17px;"
        >
          Short by
        </p>
        <p
          style="background: rgb(255, 255, 255); color: rgb(159, 159, 159); padding: 12px 86px 13px 30px;"
        >
          Default
        </p>
      </div>
    </div>
  </section>
</DocumentFragment>
`;
