// Jest Snapshot v1, https://goo.gl/fbAQLP

exports[`OurProduct Component matches snapshot 1`] = `
<DocumentFragment>
  <p>
    Loading products...
  </p>
</DocumentFragment>
`;
